--------------------------------------------------------
The alien invasion begins...
Bar has been destroyed by Alien 4 and Alien 9 and Alien 14 and Alien 19 and Alien 24 and Alien 29 and Alien 34 and Alien 39 and Alien 44 and Alien 49 and Alien 54 and Alien 59 and Alien 64 and Alien 69 and Alien 74 and Alien 79 and Alien 84 and Alien 89 and Alien 94 and Alien 99!
Baz has been destroyed by Alien 0 and Alien 5 and Alien 10 and Alien 15 and Alien 20 and Alien 25 and Alien 30 and Alien 35 and Alien 40 and Alien 45 and Alien 50 and Alien 55 and Alien 60 and Alien 65 and Alien 70 and Alien 75 and Alien 80 and Alien 85 and Alien 90 and Alien 95!
Bee has been destroyed by Alien 1 and Alien 6 and Alien 11 and Alien 16 and Alien 21 and Alien 26 and Alien 31 and Alien 36 and Alien 41 and Alien 46 and Alien 51 and Alien 56 and Alien 61 and Alien 66 and Alien 71 and Alien 76 and Alien 81 and Alien 86 and Alien 91 and Alien 96!
Foo has been destroyed by Alien 2 and Alien 7 and Alien 12 and Alien 17 and Alien 22 and Alien 27 and Alien 32 and Alien 37 and Alien 42 and Alien 47 and Alien 52 and Alien 57 and Alien 62 and Alien 67 and Alien 72 and Alien 77 and Alien 82 and Alien 87 and Alien 92 and Alien 97!
Qu-ux has been destroyed by Alien 3 and Alien 8 and Alien 13 and Alien 18 and Alien 23 and Alien 28 and Alien 33 and Alien 38 and Alien 43 and Alien 48 and Alien 53 and Alien 58 and Alien 63 and Alien 68 and Alien 73 and Alien 78 and Alien 83 and Alien 88 and Alien 93 and Alien 98!
--------------------------------------------------------
The 🌍 after 1 day(s) of alien invasion:
--------------------------------------------------------
COMPLETE ANNIHILATION - All cities have been destroyed ☠️
--------------------------------------------------------
