--------------------------------------------------------
The alien invasion begins...
--------------------------------------------------------
The 🌍 after 10000 day(s) of alien invasion:
--------------------------------------------------------
Barrio
FooHaa
--------------------------------------------------------
